P16 assembler v1.3.2 (May  7 2020)	lab01_opt.lst	Mon Sep 26 11:29:12 2022

Sections
Index   Name            Addresses       Size
0       .text           0000 - 001F     0020 32

Symbols
Name                    Type      Value      Section
if                      LABEL     000C 12    .text
if_end                  LABEL     001E 30    .text
line#34                 LABEL     001E 30    .text
while                   LABEL     0012 18    .text
while_end               LABEL     001E 30    .text

Code listing
   1           	; -----------------------------------------------------------------------------
   2           	; Ficheiro:  lab01.S
   3           	; Descricao: Codigo de suporte a realizacao da 1a atividade laboratorial de AC.
   4           	; Autores:		Tiago M Dias (tiago.dias@isel.pt)
   5           	;				Pedro Malafaia (A49506@alunos.isel.pt)
   6           	;				Roberto Petrisoru (A49418@alunos.isel.pt)
   7           	; Data:      11-03-2022
   8           	; -----------------------------------------------------------------------------
   9           	
  10           		; r0 guarda o valor da variavel M
  11           		; r1 guarda o valor da variavel m
  12           		; r2 guarda o valor da variavel p
  13           		; r3 e utilizado para guardar valores temporariamente
  14           	
  15 0000 02 60		mov	r2, #0
  16 0002 80 B8	    cmp r0, r1
  17 0004 03 4C	    bhs if
  18 0006 03 B0	    mov r3, r0      ;dá para fazer a troca de variáveis, sem recorrer a uma terceira, recorrendo ao xor 
  19 0008 80 B0	    mov r0, r1
  20 000A 81 B1	    mov r1, r3
  21           	if:
  22 000C 03 60		mov r3, #0
  23 000E 80 B9		cmp r0, r3
  24 0010 06 40		beq if_end
  25           	while:
  26 0012 03 60		mov	r3, #0
  27 0014 B0 B8		cmp	r3, r1
  28 0016 03 4C		bhs	while_end
  29 0018 22 80		add	r2, r2, r0
  30 001A 91 A8		sub	r1, r1, #1
  31 001C FA 5B		b	while
  32           	while_end:
  33           	if_end:
  34 001E FF 5B		b	.
